[level]
tileset = PathAndObjects.png
map = ################################
      #.....#............###......#..#
      #.....#............###......#..#
      #.....####.........###......#..#
      #..................###......#..#
      ##########.........###......#..#
      #.....#............###......#..#
      #.....#............###......#..#
      #.....#............###......#..#
      #.....#............###......#..#
      #.....#............###......#..#
      #.....#............###......#..#
      #..................###......#..#
      ########...........###......#..#
      #......#...........###......#..#
      #......#....#####..###......#..#
      #...........#####..###......#..#
      #......##########..###......#..#
      #.....###########..###......#..#
      #....############..###......#..#
      #...#############..###......#..#
      #..##############..###......#..#
      #.###############..###......#..#
      ################################


[.]
background = True
name = floor
tilex = 1
tiley = 1
passable = True

[#]
background = True
name = wall
passable = False
tilex = 5
tiley = 11
